../drivers/fsl_edma_soc.c:55:6:EDMA_0_CH0_DriverIRQHandler	0	static
../drivers/fsl_edma_soc.c:65:6:EDMA_0_CH1_DriverIRQHandler	0	static
../drivers/fsl_edma_soc.c:75:6:EDMA_0_CH2_DriverIRQHandler	0	static
../drivers/fsl_edma_soc.c:85:6:EDMA_0_CH3_DriverIRQHandler	0	static
../drivers/fsl_edma_soc.c:95:6:EDMA_0_CH4_DriverIRQHandler	0	static
../drivers/fsl_edma_soc.c:105:6:EDMA_0_CH5_DriverIRQHandler	0	static
../drivers/fsl_edma_soc.c:115:6:EDMA_0_CH6_DriverIRQHandler	0	static
../drivers/fsl_edma_soc.c:125:6:EDMA_0_CH7_DriverIRQHandler	0	static
../drivers/fsl_edma_soc.c:135:6:EDMA_0_CH8_DriverIRQHandler	0	static
../drivers/fsl_edma_soc.c:145:6:EDMA_0_CH9_DriverIRQHandler	0	static
../drivers/fsl_edma_soc.c:155:6:EDMA_0_CH10_DriverIRQHandler	0	static
../drivers/fsl_edma_soc.c:165:6:EDMA_0_CH11_DriverIRQHandler	0	static
../drivers/fsl_edma_soc.c:175:6:EDMA_0_CH12_DriverIRQHandler	0	static
../drivers/fsl_edma_soc.c:185:6:EDMA_0_CH13_DriverIRQHandler	0	static
../drivers/fsl_edma_soc.c:195:6:EDMA_0_CH14_DriverIRQHandler	0	static
../drivers/fsl_edma_soc.c:205:6:EDMA_0_CH15_DriverIRQHandler	0	static
../drivers/fsl_edma_soc.c:215:6:EDMA_1_CH0_DriverIRQHandler	0	static
../drivers/fsl_edma_soc.c:225:6:EDMA_1_CH1_DriverIRQHandler	0	static
../drivers/fsl_edma_soc.c:235:6:EDMA_1_CH2_DriverIRQHandler	0	static
../drivers/fsl_edma_soc.c:245:6:EDMA_1_CH3_DriverIRQHandler	0	static
../drivers/fsl_edma_soc.c:255:6:EDMA_1_CH4_DriverIRQHandler	0	static
../drivers/fsl_edma_soc.c:265:6:EDMA_1_CH5_DriverIRQHandler	0	static
../drivers/fsl_edma_soc.c:275:6:EDMA_1_CH6_DriverIRQHandler	0	static
../drivers/fsl_edma_soc.c:285:6:EDMA_1_CH7_DriverIRQHandler	0	static
