../drivers/fsl_sai_edma.c:95:13:SAI_TxEDMACallback	24	static
../drivers/fsl_sai_edma.c:133:13:SAI_RxEDMACallback	24	static
../drivers/fsl_sai_edma.c:184:6:SAI_TransferTxCreateHandleEDMA	40	static
../drivers/fsl_sai_edma.c:226:6:SAI_TransferRxCreateHandleEDMA	32	static
../drivers/fsl_sai_edma.c:265:6:SAI_TransferSetInterleaveType	0	static
../drivers/fsl_sai_edma.c:289:6:SAI_TransferTxSetConfigEDMA	16	static
../drivers/fsl_sai_edma.c:355:6:SAI_TransferRxSetConfigEDMA	16	static
../drivers/fsl_sai_edma.c:424:10:SAI_TransferSendEDMA	128	static
../drivers/fsl_sai_edma.c:579:10:SAI_TransferReceiveEDMA	128	static
../drivers/fsl_sai_edma.c:720:10:SAI_TransferSendLoopEDMA	144	static
../drivers/fsl_sai_edma.c:822:10:SAI_TransferReceiveLoopEDMA	152	static
../drivers/fsl_sai_edma.c:915:6:SAI_TransferAbortSendEDMA	16	static
../drivers/fsl_sai_edma.c:955:6:SAI_TransferAbortReceiveEDMA	16	static
../drivers/fsl_sai_edma.c:995:6:SAI_TransferTerminateSendEDMA	16	static
../drivers/fsl_sai_edma.c:1020:6:SAI_TransferTerminateReceiveEDMA	16	static
../drivers/fsl_sai_edma.c:1045:10:SAI_TransferGetSendCountEDMA	24	static
../drivers/fsl_sai_edma.c:1074:10:SAI_TransferGetReceiveCountEDMA	24	static
../drivers/fsl_sai_edma.c:1105:10:SAI_TransferGetValidTransferSlotsEDMA	0	static
