../drivers/fsl_clock.c:143:10:CLOCK_SetupFROHFClocking	0	static
../drivers/fsl_clock.c:177:10:CLOCK_SetupExtClocking	0	static
../drivers/fsl_clock.c:244:10:CLOCK_SetupExtRefClocking	0	static
../drivers/fsl_clock.c:314:10:CLOCK_SetupOsc32KClocking	8	static
../drivers/fsl_clock.c:374:6:CLOCK_GetDefaultOsc32KConfig	4	static
../drivers/fsl_clock.c:396:10:CLOCK_SetupOsc32KClockingConfig	32	static
../drivers/fsl_clock.c:501:10:CLOCK_SetupClk16KClocking	0	static
../drivers/fsl_clock.c:519:10:CLOCK_FROHFTrimConfig	8	static
../drivers/fsl_clock.c:554:10:CLOCK_FRO12MTrimConfig	8	static
../drivers/fsl_clock.c:593:6:CLOCK_SetSysOscMonitorMode	0	static
../drivers/fsl_clock.c:612:6:CLOCK_SetRoscMonitorMode	0	static
../drivers/fsl_clock.c:631:6:CLOCK_SetUpllMonitorMode	0	static
../drivers/fsl_clock.c:650:6:CLOCK_SetPll0MonitorMode	0	static
../drivers/fsl_clock.c:669:6:CLOCK_SetPll1MonitorMode	0	static
../drivers/fsl_clock.c:687:10:CLOCK_SetFLASHAccessCyclesForFreq	0	static
../drivers/fsl_clock.c:769:6:VBAT_SetOscConfig	0	static
../drivers/fsl_clock.c:814:6:CLOCK_AttachClk	8	static
../drivers/fsl_clock.c:868:19:CLOCK_GetClockAttachId	8	static
../drivers/fsl_clock.c:930:6:CLOCK_SetClkDiv	0	static
../drivers/fsl_clock.c:977:10:CLOCK_GetClkDiv	0	static
../drivers/fsl_clock.c:1002:6:CLOCK_HaltClkDiv	0	static
../drivers/fsl_clock.c:1020:6:CLOCK_SetupClockCtrl	0	static
../drivers/fsl_clock.c:1244:10:CLOCK_GetPll0OutFreq	40	static
../drivers/fsl_clock.c:1272:10:CLOCK_GetPll1OutFreq	24	static
../drivers/fsl_clock.c:1114:10:CLOCK_GetCTimerClkFreq	8	static
../drivers/fsl_clock.c:1168:10:CLOCK_GetAdcClkFreq	8	static
../drivers/fsl_clock.c:1208:10:CLOCK_GetLPFlexCommClkFreq	16	static
../drivers/fsl_clock.c:1300:10:CLOCK_GetPllClkDivFreq	8	static
../drivers/fsl_clock.c:1327:10:CLOCK_GetExtUpllFreq	0	static
../drivers/fsl_clock.c:1341:6:CLOCK_SetExtUpllFreq	0	static
../drivers/fsl_clock.c:1350:10:CLOCK_GetI3cClkFreq	8	static
../drivers/fsl_clock.c:1386:10:CLOCK_GetMicfilClkFreq	8	static
../drivers/fsl_clock.c:1427:10:CLOCK_GetFlexioClkFreq	8	static
../drivers/fsl_clock.c:1462:10:CLOCK_GetFlexcanClkFreq	8	static
../drivers/fsl_clock.c:1498:10:CLOCK_GetEwm0ClkFreq	0	static
../drivers/fsl_clock.c:1522:10:CLOCK_GetWdtClkFreq	0	static
../drivers/fsl_clock.c:1563:10:CLOCK_GetOstimerClkFreq	0	static
../drivers/fsl_clock.c:1590:10:CLOCK_GetCmpFClkFreq	8	static
../drivers/fsl_clock.c:1629:10:CLOCK_GetCmpRRClkFreq	8	static
../drivers/fsl_clock.c:1668:10:CLOCK_GetUtickClkFreq	0	static
../drivers/fsl_clock.c:1695:10:CLOCK_GetSaiClkFreq	8	static
../drivers/fsl_clock.c:1731:6:CLOCK_SetupSaiMclk	0	static
../drivers/fsl_clock.c:1742:6:CLOCK_SetupSaiTxBclk	0	static
../drivers/fsl_clock.c:1753:6:CLOCK_SetupSaiRxBclk	0	static
../drivers/fsl_clock.c:1764:10:CLOCK_GetSaiMclkFreq	0	static
../drivers/fsl_clock.c:1773:10:CLOCK_GetSaiTxBclkFreq	0	static
../drivers/fsl_clock.c:1782:10:CLOCK_GetSaiRxBclkFreq	0	static
../drivers/fsl_clock.c:1791:10:CLOCK_GetPLL0InClockRate	8	static
../drivers/fsl_clock.c:1815:10:CLOCK_GetPLL1InClockRate	0	static
../drivers/fsl_clock.c:1843:10:CLOCK_GetPLLOutFromSetup	24	static
../drivers/fsl_clock.c:1871:13:CLOCK_SetupPLLData	72	static
../drivers/fsl_clock.c:1922:13:CLOCK_SetPLL0Freq	16	static
../drivers/fsl_clock.c:1980:13:CLOCK_SetPLL1Freq	8	static
../drivers/fsl_clock.c:2030:6:CLOCK_EnableOstimer32kClock	0	static
../drivers/fsl_clock.c:2130:10:CLOCK_GetCoreSysClkFreq	16	static
../drivers/fsl_clock.c:1031:10:CLOCK_GetFreq	8	static
../drivers/fsl_clock.c:2781:6:CLOCK_EnableUsbhsPhyPllClock	16	static
../drivers/fsl_clock.c:2872:6:CLOCK_DisableUsbhsPhyPllClock	0	static
../drivers/fsl_clock.c:2881:6:CLOCK_EnableUsbhsClock	0	static
../drivers/fsl_clock.c:2896:10:CLOCK_FIRCAutoTrimWithSOF	0	static
