../drivers/fsl_sai.c:2371:6:SAI_TransferRxHandleIRQ	48	static
../drivers/fsl_sai.c:2265:6:SAI_TransferTxHandleIRQ	56	static
../drivers/fsl_sai.c:420:6:SAI_Init	8	static
../drivers/fsl_sai.c:452:6:SAI_Deinit	8	static
../drivers/fsl_sai.c:468:6:SAI_TxReset	0	static
../drivers/fsl_sai.c:491:6:SAI_RxReset	0	static
../drivers/fsl_sai.c:513:6:SAI_TxEnable	0	static
../drivers/fsl_sai.c:550:6:SAI_RxEnable	0	static
../drivers/fsl_sai.c:592:6:SAI_TxSoftwareReset	0	static
../drivers/fsl_sai.c:611:6:SAI_RxSoftwareReset	0	static
../drivers/fsl_sai.c:626:6:SAI_TxSetChannelFIFOMask	0	static
../drivers/fsl_sai.c:639:6:SAI_RxSetChannelFIFOMask	0	static
../drivers/fsl_sai.c:651:6:SAI_TxSetDataOrder	0	static
../drivers/fsl_sai.c:665:6:SAI_RxSetDataOrder	0	static
../drivers/fsl_sai.c:679:6:SAI_TxSetBitClockPolarity	0	static
../drivers/fsl_sai.c:693:6:SAI_RxSetBitClockPolarity	0	static
../drivers/fsl_sai.c:707:6:SAI_TxSetFrameSyncPolarity	0	static
../drivers/fsl_sai.c:721:6:SAI_RxSetFrameSyncPolarity	0	static
../drivers/fsl_sai.c:736:6:SAI_TxSetFIFOPacking	0	static
../drivers/fsl_sai.c:751:6:SAI_RxSetFIFOPacking	0	static
../drivers/fsl_sai.c:770:6:SAI_TxSetBitClockRate	16	static
../drivers/fsl_sai.c:845:6:SAI_RxSetBitClockRate	16	static
../drivers/fsl_sai.c:918:6:SAI_TxSetBitclockConfig	8	static
../drivers/fsl_sai.c:962:6:SAI_RxSetBitclockConfig	8	static
../drivers/fsl_sai.c:1007:6:SAI_SetMasterClockConfig	8	static
../drivers/fsl_sai.c:1043:6:SAI_TxSetFifoConfig	8	static
../drivers/fsl_sai.c:1090:6:SAI_RxSetFifoConfig	8	static
../drivers/fsl_sai.c:1133:6:SAI_TxSetFrameSyncConfig	8	static
../drivers/fsl_sai.c:1162:6:SAI_RxSetFrameSyncConfig	8	static
../drivers/fsl_sai.c:1190:6:SAI_TxSetSerialDataConfig	8	static
../drivers/fsl_sai.c:1224:6:SAI_RxSetSerialDataConfig	8	static
../drivers/fsl_sai.c:1301:6:SAI_TxSetConfig	16	static
../drivers/fsl_sai.c:1385:6:SAI_TransferTxSetConfig	16	static
../drivers/fsl_sai.c:1419:6:SAI_RxSetConfig	8	static
../drivers/fsl_sai.c:1504:6:SAI_TransferRxSetConfig	16	static
../drivers/fsl_sai.c:1538:6:SAI_GetClassicI2SConfig	24	static
../drivers/fsl_sai.c:1554:6:SAI_GetLeftJustifiedConfig	24	static
../drivers/fsl_sai.c:1576:6:SAI_GetRightJustifiedConfig	24	static
../drivers/fsl_sai.c:1613:6:SAI_GetDSPConfig	24	static
../drivers/fsl_sai.c:1646:6:SAI_GetTDMConfig	24	static
../drivers/fsl_sai.c:1686:6:SAI_WriteBlocking	56	static
../drivers/fsl_sai.c:1742:6:SAI_WriteMultiChannelBlocking	64	static
../drivers/fsl_sai.c:1834:6:SAI_ReadMultiChannelBlocking	56	static
../drivers/fsl_sai.c:1906:6:SAI_ReadBlocking	48	static
../drivers/fsl_sai.c:1944:6:SAI_TransferTxCreateHandle	24	static
../drivers/fsl_sai.c:1975:6:SAI_TransferRxCreateHandle	24	static
../drivers/fsl_sai.c:2010:10:SAI_TransferSendNonBlocking	16	static
../drivers/fsl_sai.c:2060:10:SAI_TransferReceiveNonBlocking	16	static
../drivers/fsl_sai.c:2104:10:SAI_TransferGetSendCount	8	static
../drivers/fsl_sai.c:2132:10:SAI_TransferGetReceiveCount	8	static
../drivers/fsl_sai.c:2160:6:SAI_TransferAbortSend	16	static
../drivers/fsl_sai.c:2190:6:SAI_TransferAbortReceive	16	static
../drivers/fsl_sai.c:2220:6:SAI_TransferTerminateSend	16	static
../drivers/fsl_sai.c:2244:6:SAI_TransferTerminateReceive	16	static
../drivers/fsl_sai.c:2469:6:SAI_DriverIRQHandler	16	static
../drivers/fsl_sai.c:3257:6:SAI0_DriverIRQHandler	8	static
../drivers/fsl_sai.c:3285:6:SAI1_DriverIRQHandler	8	static
