../drivers/fsl_edma.c:121:6:EDMA_InstallTCD	8	static
../drivers/fsl_edma.c:165:6:EDMA_Init	16	static
../drivers/fsl_edma.c:240:6:EDMA_Deinit	8	static
../drivers/fsl_edma.c:270:6:EDMA_InitChannel	16	static
../drivers/fsl_edma.c:325:6:EDMA_GetDefaultConfig	8	static
../drivers/fsl_edma.c:360:6:EDMA_ResetChannel	8	static
../drivers/fsl_edma.c:395:6:EDMA_SetTransferConfig	32	static
../drivers/fsl_edma.c:421:6:EDMA_SetMinorOffsetConfig	8	static
../drivers/fsl_edma.c:447:6:EDMA_SetMajorOffsetConfig	8	static
../drivers/fsl_edma.c:464:6:EDMA_SetChannelPreemptionConfig	8	static
../drivers/fsl_edma.c:503:6:EDMA_SetChannelLink	8	static
../drivers/fsl_edma.c:526:6:EDMA_SetBandWidth	8	static
../drivers/fsl_edma.c:548:6:EDMA_SetModulo	8	static
../drivers/fsl_edma.c:567:6:EDMA_TcdResetExt	8	static
../drivers/fsl_edma.c:615:6:EDMA_TcdSetTransferConfigExt	32	static
../drivers/fsl_edma.c:656:6:EDMA_ConfigChannelSoftwareTCDExt	32	static
../drivers/fsl_edma.c:767:6:EDMA_TcdSetMinorOffsetConfigExt	8	static
../drivers/fsl_edma.c:793:6:EDMA_TcdSetMajorOffsetConfigExt	8	static
../drivers/fsl_edma.c:818:6:EDMA_TcdSetChannelLinkExt	8	static
../drivers/fsl_edma.c:869:6:EDMA_TcdSetModuloExt	8	static
../drivers/fsl_edma.c:888:6:EDMA_TcdEnableInterruptsExt	8	static
../drivers/fsl_edma.c:913:6:EDMA_TcdDisableInterruptsExt	8	static
../drivers/fsl_edma.c:941:6:EDMA_TcdReset	8	static
../drivers/fsl_edma.c:990:6:EDMA_TcdSetTransferConfig	32	static
../drivers/fsl_edma.c:1029:6:EDMA_ConfigChannelSoftwareTCD	32	static
../drivers/fsl_edma.c:1142:6:EDMA_TcdSetMinorOffsetConfig	8	static
../drivers/fsl_edma.c:1169:6:EDMA_TcdSetMajorOffsetConfig	8	static
../drivers/fsl_edma.c:1195:6:EDMA_TcdSetChannelLink	8	static
../drivers/fsl_edma.c:1247:6:EDMA_TcdSetModulo	8	static
../drivers/fsl_edma.c:1267:6:EDMA_TcdEnableInterrupts	8	static
../drivers/fsl_edma.c:1294:6:EDMA_TcdDisableInterrupts	8	static
../drivers/fsl_edma.c:1332:10:EDMA_GetRemainingMajorLoopCount	8	static
../drivers/fsl_edma.c:1363:6:EDMA_EnableChannelInterrupts	8	static
../drivers/fsl_edma.c:1394:6:EDMA_DisableChannelInterrupts	8	static
../drivers/fsl_edma.c:1425:10:EDMA_GetChannelStatusFlags	8	static
../drivers/fsl_edma.c:1449:6:EDMA_ClearChannelStatusFlags	8	static
../drivers/fsl_edma.c:1478:6:EDMA_TcdInit	8	static
../drivers/fsl_edma.c:1514:10:EDMA_CreateHandle	16	static
../drivers/fsl_edma.c:1561:6:EDMA_InstallTCDMemory	8	static
../drivers/fsl_edma.c:1593:6:EDMA_SetCallback	8	static
../drivers/fsl_edma.c:1677:6:EDMA_PrepareTransferConfig	40	static
../drivers/fsl_edma.c:1748:6:EDMA_PrepareTransfer	40	static
../drivers/fsl_edma.c:1815:6:EDMA_PrepareTransferTCD	32	static
../drivers/fsl_edma.c:1965:10:EDMA_SubmitTransferTCD	32	static
../drivers/fsl_edma.c:2154:10:EDMA_SubmitTransfer	64	static
../drivers/fsl_edma.c:2349:10:EDMA_SubmitLoopTransfer	64	static
../drivers/fsl_edma.c:2429:6:EDMA_StartTransfer	8	static
../drivers/fsl_edma.c:2529:6:EDMA_StopTransfer	8	static
../drivers/fsl_edma.c:2547:6:EDMA_AbortTransfer	8	static
../drivers/fsl_edma.c:2594:6:EDMA_HandleIRQ	24	static
../drivers/fsl_edma.c:2720:6:EDMA_DriverIRQHandler	0	static
