../drivers/fsl_spc.c:45:35:SPC_GetPowerDomainLowPowerMode	8	static
../drivers/fsl_spc.c:66:9:SPC_GetPeriphIOIsolationStatus	0	static
../drivers/fsl_spc.c:82:6:SPC_SetLowPowerRequestConfig	8	static
../drivers/fsl_spc.c:111:6:SPC_ConfigVddCoreGlitchDetector	8	static
../drivers/fsl_spc.c:138:6:SPC_SetSRAMOperateVoltage	8	static
../drivers/fsl_spc.c:176:10:SPC_SetActiveModeBandgapModeConfig	0	static
../drivers/fsl_spc.c:252:10:SPC_SetLowPowerModeBandgapmodeConfig	0	static
../drivers/fsl_spc.c:316:6:SPC_SetCoreVoltageDetectConfig	8	static
../drivers/fsl_spc.c:346:10:SPC_EnableActiveModeCoreHighVoltageDetect	0	static
../drivers/fsl_spc.c:376:10:SPC_EnableLowPowerModeCoreHighVoltageDetect	0	static
../drivers/fsl_spc.c:406:10:SPC_EnableActiveModeCoreLowVoltageDetect	0	static
../drivers/fsl_spc.c:435:10:SPC_EnableLowPowerModeCoreLowVoltageDetect	0	static
../drivers/fsl_spc.c:462:6:SPC_SetSystemVDDLowVoltageLevel	0	static
../drivers/fsl_spc.c:489:6:SPC_SetSystemVoltageDetectConfig	8	static
../drivers/fsl_spc.c:520:10:SPC_EnableActiveModeSystemHighVoltageDetect	0	static
../drivers/fsl_spc.c:550:10:SPC_EnableActiveModeSystemLowVoltageDetect	0	static
../drivers/fsl_spc.c:580:10:SPC_EnableLowPowerModeSystemHighVoltageDetect	0	static
../drivers/fsl_spc.c:610:10:SPC_EnableLowPowerModeSystemLowVoltageDetect	0	static
../drivers/fsl_spc.c:636:6:SPC_SetIOVDDLowVoltageLevel	0	static
../drivers/fsl_spc.c:659:6:SPC_SetIOVoltageDetectConfig	8	static
../drivers/fsl_spc.c:693:10:SPC_EnableActiveModeIOHighVoltageDetect	0	static
../drivers/fsl_spc.c:723:10:SPC_EnableActiveModeIOLowVoltageDetect	0	static
../drivers/fsl_spc.c:752:10:SPC_EnableLowPowerModeIOHighVoltageDetect	0	static
../drivers/fsl_spc.c:781:10:SPC_EnableLowPowerModeIOLowVoltageDetect	0	static
../drivers/fsl_spc.c:807:6:SPC_SetExternalVoltageDomainsConfig	0	static
../drivers/fsl_spc.c:830:10:SPC_SetActiveModeCoreLDORegulatorConfig	8	static
../drivers/fsl_spc.c:879:10:SPC_SetActiveModeCoreLDORegulatorVoltageLevel	0	static
../drivers/fsl_spc.c:917:10:SPC_SetActiveModeCoreLDORegulatorDriveStrength	0	static
../drivers/fsl_spc.c:962:10:SPC_SetLowPowerModeCoreLDORegulatorConfig	0	static
../drivers/fsl_spc.c:1028:10:SPC_SetLowPowerModeCoreLDORegulatorVoltageLevel	0	static
../drivers/fsl_spc.c:1063:10:SPC_SetLowPowerModeCoreLDORegulatorDriveStrength	0	static
../drivers/fsl_spc.c:1112:10:SPC_SetActiveModeSystemLDORegulatorConfig	8	static
../drivers/fsl_spc.c:1165:10:SPC_SetActiveModeSystemLDORegulatorVoltageLevel	0	static
../drivers/fsl_spc.c:1194:10:SPC_SetActiveModeSystemLDORegulatorDriveStrength	0	static
../drivers/fsl_spc.c:1237:10:SPC_SetLowPowerModeSystemLDORegulatorConfig	0	static
../drivers/fsl_spc.c:1267:10:SPC_SetLowPowerModeSystemLDORegulatorDriveStrength	0	static
../drivers/fsl_spc.c:1305:10:SPC_SetActiveModeDCDCRegulatorConfig	8	static
../drivers/fsl_spc.c:1348:10:SPC_SetActiveModeDCDCRegulatorDriveStrength	0	static
../drivers/fsl_spc.c:1379:10:SPC_SetLowPowerModeDCDCRegulatorConfig	0	static
../drivers/fsl_spc.c:1430:10:SPC_SetLowPowerModeDCDCRegulatorDriveStrength	0	static
../drivers/fsl_spc.c:1452:6:SPC_SetDCDCBurstConfig	8	static
../drivers/fsl_spc.c:1497:6:SPC_SetDCDCRefreshCount	0	static
../drivers/fsl_spc.c:1541:10:SPC_SetActiveModeRegulatorsConfig	16	static
../drivers/fsl_spc.c:1639:10:SPC_SetLowPowerModeRegulatorsConfig	16	static
